The system is: Linux - 4.18.0-553.30.1.el8_10.x86_64 - x86_64
Compiling the CXX compiler identification source file "CMakeCXXCompilerId.cpp" succeeded.
Compiler: /usr/bin/c++ 
Build flags: 
Id flags:  

The output was:
0


Compilation of the CXX compiler identification source "CMakeCXXCompilerId.cpp" produced "a.out"

The CXX compiler identification is GNU, found in "/scratch/gpfs/satyend/MC_POLYMER/polymer_lattice/lattice_md/Analytical_Solvation/exec/new/build/CMakeFiles/3.19.7/CompilerIdCXX/a.out"

Detecting CXX compiler ABI info compiled with the following output:
Change Dir: /scratch/gpfs/satyend/MC_POLYMER/polymer_lattice/lattice_md/Analytical_Solvation/exec/new/build/CMakeFiles/CMakeTmp

Run Build Command(s):/usr/bin/gmake cmTC_643ca/fast && /usr/bin/gmake  -f CMakeFiles/cmTC_643ca.dir/build.make CMakeFiles/cmTC_643ca.dir/build
gmake[1]: Entering directory '/scratch/gpfs/satyend/MC_POLYMER/polymer_lattice/lattice_md/Analytical_Solvation/exec/new/build/CMakeFiles/CMakeTmp'
Building CXX object CMakeFiles/cmTC_643ca.dir/CMakeCXXCompilerABI.cpp.o
/usr/bin/c++   -v -o CMakeFiles/cmTC_643ca.dir/CMakeCXXCompilerABI.cpp.o -c /usr/local/cmake/3.19.7/share/cmake/Modules/CMakeCXXCompilerABI.cpp
Using built-in specs.
COLLECT_GCC=/usr/bin/c++
OFFLOAD_TARGET_NAMES=nvptx-none
OFFLOAD_TARGET_DEFAULT=1
Target: x86_64-redhat-linux
Configured with: ../configure --enable-bootstrap --enable-languages=c,c++,fortran,lto --prefix=/usr --mandir=/usr/share/man --infodir=/usr/share/info --with-bugurl=http://bugzilla.redhat.com/bugzilla --enable-shared --enable-threads=posix --enable-checking=release --enable-multilib --with-system-zlib --enable-__cxa_atexit --disable-libunwind-exceptions --enable-gnu-unique-object --enable-linker-build-id --with-gcc-major-version-only --with-linker-hash-style=gnu --enable-plugin --enable-initfini-array --with-isl --disable-libmpx --enable-offload-targets=nvptx-none --without-cuda-driver --enable-gnu-indirect-function --enable-cet --with-tune=generic --with-arch_32=x86-64 --build=x86_64-redhat-linux
Thread model: posix
gcc version 8.5.0 20210514 (Red Hat 8.5.0-22) (GCC) 
COLLECT_GCC_OPTIONS='-v' '-o' 'CMakeFiles/cmTC_643ca.dir/CMakeCXXCompilerABI.cpp.o' '-c' '-shared-libgcc' '-mtune=generic' '-march=x86-64'
 /usr/libexec/gcc/x86_64-redhat-linux/8/cc1plus -quiet -v -D_GNU_SOURCE /usr/local/cmake/3.19.7/share/cmake/Modules/CMakeCXXCompilerABI.cpp -quiet -dumpbase CMakeCXXCompilerABI.cpp -mtune=generic -march=x86-64 -auxbase-strip CMakeFiles/cmTC_643ca.dir/CMakeCXXCompilerABI.cpp.o -version -o /tmp/ccPHGIlD.s
GNU C++14 (GCC) version 8.5.0 20210514 (Red Hat 8.5.0-22) (x86_64-redhat-linux)
	compiled by GNU C version 8.5.0 20210514 (Red Hat 8.5.0-22), GMP version 6.1.2, MPFR version 3.1.6-p2, MPC version 1.1.0, isl version isl-0.16.1-GMP

GGC heuristics: --param ggc-min-expand=100 --param ggc-min-heapsize=131072
ignoring nonexistent directory "/usr/lib/gcc/x86_64-redhat-linux/8/include-fixed"
ignoring nonexistent directory "/usr/lib/gcc/x86_64-redhat-linux/8/../../../../x86_64-redhat-linux/include"
#include "..." search starts here:
#include <...> search starts here:
 /opt/intel/compilers_and_libraries_2020.1.217/linux/mpi/intel64/include
 /opt/intel/compilers_and_libraries_2020.1.217/linux/mkl/include
 /opt/intel/compilers_and_libraries_2020.1.217/linux/tbb/include
 /opt/intel/compilers_and_libraries_2020.1.217/linux/pstl/include
 /usr/local/intel/include
 /usr/lib/gcc/x86_64-redhat-linux/8/../../../../include/c++/8
 /usr/lib/gcc/x86_64-redhat-linux/8/../../../../include/c++/8/x86_64-redhat-linux
 /usr/lib/gcc/x86_64-redhat-linux/8/../../../../include/c++/8/backward
 /usr/lib/gcc/x86_64-redhat-linux/8/include
 /usr/local/include
 /usr/include
End of search list.
GNU C++14 (GCC) version 8.5.0 20210514 (Red Hat 8.5.0-22) (x86_64-redhat-linux)
	compiled by GNU C version 8.5.0 20210514 (Red Hat 8.5.0-22), GMP version 6.1.2, MPFR version 3.1.6-p2, MPC version 1.1.0, isl version isl-0.16.1-GMP

GGC heuristics: --param ggc-min-expand=100 --param ggc-min-heapsize=131072
Compiler executable checksum: 26a99d4d4e375f64ba2cbb5d759621b3
COLLECT_GCC_OPTIONS='-v' '-o' 'CMakeFiles/cmTC_643ca.dir/CMakeCXXCompilerABI.cpp.o' '-c' '-shared-libgcc' '-mtune=generic' '-march=x86-64'
 as -v --64 -o CMakeFiles/cmTC_643ca.dir/CMakeCXXCompilerABI.cpp.o /tmp/ccPHGIlD.s
GNU assembler version 2.30 (x86_64-redhat-linux) using BFD version version 2.30-125.el8_10
COMPILER_PATH=/usr/libexec/gcc/x86_64-redhat-linux/8/:/usr/libexec/gcc/x86_64-redhat-linux/8/:/usr/libexec/gcc/x86_64-redhat-linux/:/usr/lib/gcc/x86_64-redhat-linux/8/:/usr/lib/gcc/x86_64-redhat-linux/
LIBRARY_PATH=/usr/local/intel/lib64/../lib64/:/usr/lib/gcc/x86_64-redhat-linux/8/:/usr/lib/gcc/x86_64-redhat-linux/8/../../../../lib64/:/lib/../lib64/:/usr/lib/../lib64/:/opt/intel/compilers_and_libraries_2020.1.217/linux/mpi/intel64/lib/:/usr/local/intel/lib64/intel-mpi/:/opt/intel/compilers_and_libraries_2020.1.217/linux/tbb/lib/intel64/gcc4.8/:/opt/intel/compilers_and_libraries_2020.1.217/linux/compiler/lib/intel64/:/opt/intel/compilers_and_libraries_2020.1.217/linux/mkl/lib/intel64/:/usr/local/intel/lib64/:/usr/lib/gcc/x86_64-redhat-linux/8/../../../:/lib/:/usr/lib/
COLLECT_GCC_OPTIONS='-v' '-o' 'CMakeFiles/cmTC_643ca.dir/CMakeCXXCompilerABI.cpp.o' '-c' '-shared-libgcc' '-mtune=generic' '-march=x86-64'
Linking CXX executable cmTC_643ca
/usr/local/cmake/3.19.7/bin/cmake -E cmake_link_script CMakeFiles/cmTC_643ca.dir/link.txt --verbose=1
/usr/bin/c++  -v CMakeFiles/cmTC_643ca.dir/CMakeCXXCompilerABI.cpp.o -o cmTC_643ca 
Using built-in specs.
COLLECT_GCC=/usr/bin/c++
COLLECT_LTO_WRAPPER=/usr/libexec/gcc/x86_64-redhat-linux/8/lto-wrapper
OFFLOAD_TARGET_NAMES=nvptx-none
OFFLOAD_TARGET_DEFAULT=1
Target: x86_64-redhat-linux
Configured with: ../configure --enable-bootstrap --enable-languages=c,c++,fortran,lto --prefix=/usr --mandir=/usr/share/man --infodir=/usr/share/info --with-bugurl=http://bugzilla.redhat.com/bugzilla --enable-shared --enable-threads=posix --enable-checking=release --enable-multilib --with-system-zlib --enable-__cxa_atexit --disable-libunwind-exceptions --enable-gnu-unique-object --enable-linker-build-id --with-gcc-major-version-only --with-linker-hash-style=gnu --enable-plugin --enable-initfini-array --with-isl --disable-libmpx --enable-offload-targets=nvptx-none --without-cuda-driver --enable-gnu-indirect-function --enable-cet --with-tune=generic --with-arch_32=x86-64 --build=x86_64-redhat-linux
Thread model: posix
gcc version 8.5.0 20210514 (Red Hat 8.5.0-22) (GCC) 
COMPILER_PATH=/usr/libexec/gcc/x86_64-redhat-linux/8/:/usr/libexec/gcc/x86_64-redhat-linux/8/:/usr/libexec/gcc/x86_64-redhat-linux/:/usr/lib/gcc/x86_64-redhat-linux/8/:/usr/lib/gcc/x86_64-redhat-linux/
LIBRARY_PATH=/usr/local/intel/lib64/../lib64/:/usr/lib/gcc/x86_64-redhat-linux/8/:/usr/lib/gcc/x86_64-redhat-linux/8/../../../../lib64/:/lib/../lib64/:/usr/lib/../lib64/:/opt/intel/compilers_and_libraries_2020.1.217/linux/mpi/intel64/lib/:/usr/local/intel/lib64/intel-mpi/:/opt/intel/compilers_and_libraries_2020.1.217/linux/tbb/lib/intel64/gcc4.8/:/opt/intel/compilers_and_libraries_2020.1.217/linux/compiler/lib/intel64/:/opt/intel/compilers_and_libraries_2020.1.217/linux/mkl/lib/intel64/:/usr/local/intel/lib64/:/usr/lib/gcc/x86_64-redhat-linux/8/../../../:/lib/:/usr/lib/
COLLECT_GCC_OPTIONS='-v' '-o' 'cmTC_643ca' '-shared-libgcc' '-mtune=generic' '-march=x86-64'
 /usr/libexec/gcc/x86_64-redhat-linux/8/collect2 -plugin /usr/libexec/gcc/x86_64-redhat-linux/8/liblto_plugin.so -plugin-opt=/usr/libexec/gcc/x86_64-redhat-linux/8/lto-wrapper -plugin-opt=-fresolution=/tmp/ccu3AKfi.res -plugin-opt=-pass-through=-lgcc_s -plugin-opt=-pass-through=-lgcc -plugin-opt=-pass-through=-lc -plugin-opt=-pass-through=-lgcc_s -plugin-opt=-pass-through=-lgcc --build-id --no-add-needed --eh-frame-hdr --hash-style=gnu -m elf_x86_64 -dynamic-linker /lib64/ld-linux-x86-64.so.2 -o cmTC_643ca /usr/lib/gcc/x86_64-redhat-linux/8/../../../../lib64/crt1.o /usr/lib/gcc/x86_64-redhat-linux/8/../../../../lib64/crti.o /usr/lib/gcc/x86_64-redhat-linux/8/crtbegin.o -L/usr/local/intel/lib64/../lib64 -L/usr/lib/gcc/x86_64-redhat-linux/8 -L/usr/lib/gcc/x86_64-redhat-linux/8/../../../../lib64 -L/lib/../lib64 -L/usr/lib/../lib64 -L/opt/intel/compilers_and_libraries_2020.1.217/linux/mpi/intel64/lib -L/usr/local/intel/lib64/intel-mpi -L/opt/intel/compilers_and_libraries_2020.1.217/linux/tbb/lib/intel64/gcc4.8 -L/opt/intel/compilers_and_libraries_2020.1.217/linux/compiler/lib/intel64 -L/opt/intel/compilers_and_libraries_2020.1.217/linux/mkl/lib/intel64 -L/usr/local/intel/lib64 -L/usr/lib/gcc/x86_64-redhat-linux/8/../../.. CMakeFiles/cmTC_643ca.dir/CMakeCXXCompilerABI.cpp.o -lstdc++ -lm -lgcc_s -lgcc -lc -lgcc_s -lgcc /usr/lib/gcc/x86_64-redhat-linux/8/crtend.o /usr/lib/gcc/x86_64-redhat-linux/8/../../../../lib64/crtn.o
COLLECT_GCC_OPTIONS='-v' '-o' 'cmTC_643ca' '-shared-libgcc' '-mtune=generic' '-march=x86-64'
gmake[1]: Leaving directory '/scratch/gpfs/satyend/MC_POLYMER/polymer_lattice/lattice_md/Analytical_Solvation/exec/new/build/CMakeFiles/CMakeTmp'



Parsed CXX implicit include dir info from above output: rv=done
  found start of include info
  found start of implicit include info
    add: [/opt/intel/compilers_and_libraries_2020.1.217/linux/mpi/intel64/include]
    add: [/opt/intel/compilers_and_libraries_2020.1.217/linux/mkl/include]
    add: [/opt/intel/compilers_and_libraries_2020.1.217/linux/tbb/include]
    add: [/opt/intel/compilers_and_libraries_2020.1.217/linux/pstl/include]
    add: [/usr/local/intel/include]
    add: [/usr/lib/gcc/x86_64-redhat-linux/8/../../../../include/c++/8]
    add: [/usr/lib/gcc/x86_64-redhat-linux/8/../../../../include/c++/8/x86_64-redhat-linux]
    add: [/usr/lib/gcc/x86_64-redhat-linux/8/../../../../include/c++/8/backward]
    add: [/usr/lib/gcc/x86_64-redhat-linux/8/include]
    add: [/usr/local/include]
    add: [/usr/include]
  end of search list found
  collapse include dir [/opt/intel/compilers_and_libraries_2020.1.217/linux/mpi/intel64/include] ==> [/opt/intel/compilers_and_libraries_2020.1.217/linux/mpi/intel64/include]
  collapse include dir [/opt/intel/compilers_and_libraries_2020.1.217/linux/mkl/include] ==> [/opt/intel/compilers_and_libraries_2020.1.217/linux/mkl/include]
  collapse include dir [/opt/intel/compilers_and_libraries_2020.1.217/linux/tbb/include] ==> [/opt/intel/compilers_and_libraries_2020.1.217/linux/tbb/include]
  collapse include dir [/opt/intel/compilers_and_libraries_2020.1.217/linux/pstl/include] ==> [/opt/intel/compilers_and_libraries_2020.1.217/linux/pstl/include]
  collapse include dir [/usr/local/intel/include] ==> [/usr/local/intel/include]
  collapse include dir [/usr/lib/gcc/x86_64-redhat-linux/8/../../../../include/c++/8] ==> [/usr/include/c++/8]
  collapse include dir [/usr/lib/gcc/x86_64-redhat-linux/8/../../../../include/c++/8/x86_64-redhat-linux] ==> [/usr/include/c++/8/x86_64-redhat-linux]
  collapse include dir [/usr/lib/gcc/x86_64-redhat-linux/8/../../../../include/c++/8/backward] ==> [/usr/include/c++/8/backward]
  collapse include dir [/usr/lib/gcc/x86_64-redhat-linux/8/include] ==> [/usr/lib/gcc/x86_64-redhat-linux/8/include]
  collapse include dir [/usr/local/include] ==> [/usr/local/include]
  collapse include dir [/usr/include] ==> [/usr/include]
  implicit include dirs: [/opt/intel/compilers_and_libraries_2020.1.217/linux/mpi/intel64/include;/opt/intel/compilers_and_libraries_2020.1.217/linux/mkl/include;/opt/intel/compilers_and_libraries_2020.1.217/linux/tbb/include;/opt/intel/compilers_and_libraries_2020.1.217/linux/pstl/include;/usr/local/intel/include;/usr/include/c++/8;/usr/include/c++/8/x86_64-redhat-linux;/usr/include/c++/8/backward;/usr/lib/gcc/x86_64-redhat-linux/8/include;/usr/local/include;/usr/include]


Parsed CXX implicit link information from above output:
  link line regex: [^( *|.*[/\])(ld|CMAKE_LINK_STARTFILE-NOTFOUND|([^/\]+-)?ld|collect2)[^/\]*( |$)]
  ignore line: [Change Dir: /scratch/gpfs/satyend/MC_POLYMER/polymer_lattice/lattice_md/Analytical_Solvation/exec/new/build/CMakeFiles/CMakeTmp]
  ignore line: []
  ignore line: [Run Build Command(s):/usr/bin/gmake cmTC_643ca/fast && /usr/bin/gmake  -f CMakeFiles/cmTC_643ca.dir/build.make CMakeFiles/cmTC_643ca.dir/build]
  ignore line: [gmake[1]: Entering directory '/scratch/gpfs/satyend/MC_POLYMER/polymer_lattice/lattice_md/Analytical_Solvation/exec/new/build/CMakeFiles/CMakeTmp']
  ignore line: [Building CXX object CMakeFiles/cmTC_643ca.dir/CMakeCXXCompilerABI.cpp.o]
  ignore line: [/usr/bin/c++   -v -o CMakeFiles/cmTC_643ca.dir/CMakeCXXCompilerABI.cpp.o -c /usr/local/cmake/3.19.7/share/cmake/Modules/CMakeCXXCompilerABI.cpp]
  ignore line: [Using built-in specs.]
  ignore line: [COLLECT_GCC=/usr/bin/c++]
  ignore line: [OFFLOAD_TARGET_NAMES=nvptx-none]
  ignore line: [OFFLOAD_TARGET_DEFAULT=1]
  ignore line: [Target: x86_64-redhat-linux]
  ignore line: [Configured with: ../configure --enable-bootstrap --enable-languages=c c++ fortran lto --prefix=/usr --mandir=/usr/share/man --infodir=/usr/share/info --with-bugurl=http://bugzilla.redhat.com/bugzilla --enable-shared --enable-threads=posix --enable-checking=release --enable-multilib --with-system-zlib --enable-__cxa_atexit --disable-libunwind-exceptions --enable-gnu-unique-object --enable-linker-build-id --with-gcc-major-version-only --with-linker-hash-style=gnu --enable-plugin --enable-initfini-array --with-isl --disable-libmpx --enable-offload-targets=nvptx-none --without-cuda-driver --enable-gnu-indirect-function --enable-cet --with-tune=generic --with-arch_32=x86-64 --build=x86_64-redhat-linux]
  ignore line: [Thread model: posix]
  ignore line: [gcc version 8.5.0 20210514 (Red Hat 8.5.0-22) (GCC) ]
  ignore line: [COLLECT_GCC_OPTIONS='-v' '-o' 'CMakeFiles/cmTC_643ca.dir/CMakeCXXCompilerABI.cpp.o' '-c' '-shared-libgcc' '-mtune=generic' '-march=x86-64']
  ignore line: [ /usr/libexec/gcc/x86_64-redhat-linux/8/cc1plus -quiet -v -D_GNU_SOURCE /usr/local/cmake/3.19.7/share/cmake/Modules/CMakeCXXCompilerABI.cpp -quiet -dumpbase CMakeCXXCompilerABI.cpp -mtune=generic -march=x86-64 -auxbase-strip CMakeFiles/cmTC_643ca.dir/CMakeCXXCompilerABI.cpp.o -version -o /tmp/ccPHGIlD.s]
  ignore line: [GNU C++14 (GCC) version 8.5.0 20210514 (Red Hat 8.5.0-22) (x86_64-redhat-linux)]
  ignore line: [	compiled by GNU C version 8.5.0 20210514 (Red Hat 8.5.0-22)  GMP version 6.1.2  MPFR version 3.1.6-p2  MPC version 1.1.0  isl version isl-0.16.1-GMP]
  ignore line: []
  ignore line: [GGC heuristics: --param ggc-min-expand=100 --param ggc-min-heapsize=131072]
  ignore line: [ignoring nonexistent directory "/usr/lib/gcc/x86_64-redhat-linux/8/include-fixed"]
  ignore line: [ignoring nonexistent directory "/usr/lib/gcc/x86_64-redhat-linux/8/../../../../x86_64-redhat-linux/include"]
  ignore line: [#include "..." search starts here:]
  ignore line: [#include <...> search starts here:]
  ignore line: [ /opt/intel/compilers_and_libraries_2020.1.217/linux/mpi/intel64/include]
  ignore line: [ /opt/intel/compilers_and_libraries_2020.1.217/linux/mkl/include]
  ignore line: [ /opt/intel/compilers_and_libraries_2020.1.217/linux/tbb/include]
  ignore line: [ /opt/intel/compilers_and_libraries_2020.1.217/linux/pstl/include]
  ignore line: [ /usr/local/intel/include]
  ignore line: [ /usr/lib/gcc/x86_64-redhat-linux/8/../../../../include/c++/8]
  ignore line: [ /usr/lib/gcc/x86_64-redhat-linux/8/../../../../include/c++/8/x86_64-redhat-linux]
  ignore line: [ /usr/lib/gcc/x86_64-redhat-linux/8/../../../../include/c++/8/backward]
  ignore line: [ /usr/lib/gcc/x86_64-redhat-linux/8/include]
  ignore line: [ /usr/local/include]
  ignore line: [ /usr/include]
  ignore line: [End of search list.]
  ignore line: [GNU C++14 (GCC) version 8.5.0 20210514 (Red Hat 8.5.0-22) (x86_64-redhat-linux)]
  ignore line: [	compiled by GNU C version 8.5.0 20210514 (Red Hat 8.5.0-22)  GMP version 6.1.2  MPFR version 3.1.6-p2  MPC version 1.1.0  isl version isl-0.16.1-GMP]
  ignore line: []
  ignore line: [GGC heuristics: --param ggc-min-expand=100 --param ggc-min-heapsize=131072]
  ignore line: [Compiler executable checksum: 26a99d4d4e375f64ba2cbb5d759621b3]
  ignore line: [COLLECT_GCC_OPTIONS='-v' '-o' 'CMakeFiles/cmTC_643ca.dir/CMakeCXXCompilerABI.cpp.o' '-c' '-shared-libgcc' '-mtune=generic' '-march=x86-64']
  ignore line: [ as -v --64 -o CMakeFiles/cmTC_643ca.dir/CMakeCXXCompilerABI.cpp.o /tmp/ccPHGIlD.s]
  ignore line: [GNU assembler version 2.30 (x86_64-redhat-linux) using BFD version version 2.30-125.el8_10]
  ignore line: [COMPILER_PATH=/usr/libexec/gcc/x86_64-redhat-linux/8/:/usr/libexec/gcc/x86_64-redhat-linux/8/:/usr/libexec/gcc/x86_64-redhat-linux/:/usr/lib/gcc/x86_64-redhat-linux/8/:/usr/lib/gcc/x86_64-redhat-linux/]
  ignore line: [LIBRARY_PATH=/usr/local/intel/lib64/../lib64/:/usr/lib/gcc/x86_64-redhat-linux/8/:/usr/lib/gcc/x86_64-redhat-linux/8/../../../../lib64/:/lib/../lib64/:/usr/lib/../lib64/:/opt/intel/compilers_and_libraries_2020.1.217/linux/mpi/intel64/lib/:/usr/local/intel/lib64/intel-mpi/:/opt/intel/compilers_and_libraries_2020.1.217/linux/tbb/lib/intel64/gcc4.8/:/opt/intel/compilers_and_libraries_2020.1.217/linux/compiler/lib/intel64/:/opt/intel/compilers_and_libraries_2020.1.217/linux/mkl/lib/intel64/:/usr/local/intel/lib64/:/usr/lib/gcc/x86_64-redhat-linux/8/../../../:/lib/:/usr/lib/]
  ignore line: [COLLECT_GCC_OPTIONS='-v' '-o' 'CMakeFiles/cmTC_643ca.dir/CMakeCXXCompilerABI.cpp.o' '-c' '-shared-libgcc' '-mtune=generic' '-march=x86-64']
  ignore line: [Linking CXX executable cmTC_643ca]
  ignore line: [/usr/local/cmake/3.19.7/bin/cmake -E cmake_link_script CMakeFiles/cmTC_643ca.dir/link.txt --verbose=1]
  ignore line: [/usr/bin/c++  -v CMakeFiles/cmTC_643ca.dir/CMakeCXXCompilerABI.cpp.o -o cmTC_643ca ]
  ignore line: [Using built-in specs.]
  ignore line: [COLLECT_GCC=/usr/bin/c++]
  ignore line: [COLLECT_LTO_WRAPPER=/usr/libexec/gcc/x86_64-redhat-linux/8/lto-wrapper]
  ignore line: [OFFLOAD_TARGET_NAMES=nvptx-none]
  ignore line: [OFFLOAD_TARGET_DEFAULT=1]
  ignore line: [Target: x86_64-redhat-linux]
  ignore line: [Configured with: ../configure --enable-bootstrap --enable-languages=c c++ fortran lto --prefix=/usr --mandir=/usr/share/man --infodir=/usr/share/info --with-bugurl=http://bugzilla.redhat.com/bugzilla --enable-shared --enable-threads=posix --enable-checking=release --enable-multilib --with-system-zlib --enable-__cxa_atexit --disable-libunwind-exceptions --enable-gnu-unique-object --enable-linker-build-id --with-gcc-major-version-only --with-linker-hash-style=gnu --enable-plugin --enable-initfini-array --with-isl --disable-libmpx --enable-offload-targets=nvptx-none --without-cuda-driver --enable-gnu-indirect-function --enable-cet --with-tune=generic --with-arch_32=x86-64 --build=x86_64-redhat-linux]
  ignore line: [Thread model: posix]
  ignore line: [gcc version 8.5.0 20210514 (Red Hat 8.5.0-22) (GCC) ]
  ignore line: [COMPILER_PATH=/usr/libexec/gcc/x86_64-redhat-linux/8/:/usr/libexec/gcc/x86_64-redhat-linux/8/:/usr/libexec/gcc/x86_64-redhat-linux/:/usr/lib/gcc/x86_64-redhat-linux/8/:/usr/lib/gcc/x86_64-redhat-linux/]
  ignore line: [LIBRARY_PATH=/usr/local/intel/lib64/../lib64/:/usr/lib/gcc/x86_64-redhat-linux/8/:/usr/lib/gcc/x86_64-redhat-linux/8/../../../../lib64/:/lib/../lib64/:/usr/lib/../lib64/:/opt/intel/compilers_and_libraries_2020.1.217/linux/mpi/intel64/lib/:/usr/local/intel/lib64/intel-mpi/:/opt/intel/compilers_and_libraries_2020.1.217/linux/tbb/lib/intel64/gcc4.8/:/opt/intel/compilers_and_libraries_2020.1.217/linux/compiler/lib/intel64/:/opt/intel/compilers_and_libraries_2020.1.217/linux/mkl/lib/intel64/:/usr/local/intel/lib64/:/usr/lib/gcc/x86_64-redhat-linux/8/../../../:/lib/:/usr/lib/]
  ignore line: [COLLECT_GCC_OPTIONS='-v' '-o' 'cmTC_643ca' '-shared-libgcc' '-mtune=generic' '-march=x86-64']
  link line: [ /usr/libexec/gcc/x86_64-redhat-linux/8/collect2 -plugin /usr/libexec/gcc/x86_64-redhat-linux/8/liblto_plugin.so -plugin-opt=/usr/libexec/gcc/x86_64-redhat-linux/8/lto-wrapper -plugin-opt=-fresolution=/tmp/ccu3AKfi.res -plugin-opt=-pass-through=-lgcc_s -plugin-opt=-pass-through=-lgcc -plugin-opt=-pass-through=-lc -plugin-opt=-pass-through=-lgcc_s -plugin-opt=-pass-through=-lgcc --build-id --no-add-needed --eh-frame-hdr --hash-style=gnu -m elf_x86_64 -dynamic-linker /lib64/ld-linux-x86-64.so.2 -o cmTC_643ca /usr/lib/gcc/x86_64-redhat-linux/8/../../../../lib64/crt1.o /usr/lib/gcc/x86_64-redhat-linux/8/../../../../lib64/crti.o /usr/lib/gcc/x86_64-redhat-linux/8/crtbegin.o -L/usr/local/intel/lib64/../lib64 -L/usr/lib/gcc/x86_64-redhat-linux/8 -L/usr/lib/gcc/x86_64-redhat-linux/8/../../../../lib64 -L/lib/../lib64 -L/usr/lib/../lib64 -L/opt/intel/compilers_and_libraries_2020.1.217/linux/mpi/intel64/lib -L/usr/local/intel/lib64/intel-mpi -L/opt/intel/compilers_and_libraries_2020.1.217/linux/tbb/lib/intel64/gcc4.8 -L/opt/intel/compilers_and_libraries_2020.1.217/linux/compiler/lib/intel64 -L/opt/intel/compilers_and_libraries_2020.1.217/linux/mkl/lib/intel64 -L/usr/local/intel/lib64 -L/usr/lib/gcc/x86_64-redhat-linux/8/../../.. CMakeFiles/cmTC_643ca.dir/CMakeCXXCompilerABI.cpp.o -lstdc++ -lm -lgcc_s -lgcc -lc -lgcc_s -lgcc /usr/lib/gcc/x86_64-redhat-linux/8/crtend.o /usr/lib/gcc/x86_64-redhat-linux/8/../../../../lib64/crtn.o]
    arg [/usr/libexec/gcc/x86_64-redhat-linux/8/collect2] ==> ignore
    arg [-plugin] ==> ignore
    arg [/usr/libexec/gcc/x86_64-redhat-linux/8/liblto_plugin.so] ==> ignore
    arg [-plugin-opt=/usr/libexec/gcc/x86_64-redhat-linux/8/lto-wrapper] ==> ignore
    arg [-plugin-opt=-fresolution=/tmp/ccu3AKfi.res] ==> ignore
    arg [-plugin-opt=-pass-through=-lgcc_s] ==> ignore
    arg [-plugin-opt=-pass-through=-lgcc] ==> ignore
    arg [-plugin-opt=-pass-through=-lc] ==> ignore
    arg [-plugin-opt=-pass-through=-lgcc_s] ==> ignore
    arg [-plugin-opt=-pass-through=-lgcc] ==> ignore
    arg [--build-id] ==> ignore
    arg [--no-add-needed] ==> ignore
    arg [--eh-frame-hdr] ==> ignore
    arg [--hash-style=gnu] ==> ignore
    arg [-m] ==> ignore
    arg [elf_x86_64] ==> ignore
    arg [-dynamic-linker] ==> ignore
    arg [/lib64/ld-linux-x86-64.so.2] ==> ignore
    arg [-o] ==> ignore
    arg [cmTC_643ca] ==> ignore
    arg [/usr/lib/gcc/x86_64-redhat-linux/8/../../../../lib64/crt1.o] ==> ignore
    arg [/usr/lib/gcc/x86_64-redhat-linux/8/../../../../lib64/crti.o] ==> ignore
    arg [/usr/lib/gcc/x86_64-redhat-linux/8/crtbegin.o] ==> ignore
    arg [-L/usr/local/intel/lib64/../lib64] ==> dir [/usr/local/intel/lib64/../lib64]
    arg [-L/usr/lib/gcc/x86_64-redhat-linux/8] ==> dir [/usr/lib/gcc/x86_64-redhat-linux/8]
    arg [-L/usr/lib/gcc/x86_64-redhat-linux/8/../../../../lib64] ==> dir [/usr/lib/gcc/x86_64-redhat-linux/8/../../../../lib64]
    arg [-L/lib/../lib64] ==> dir [/lib/../lib64]
    arg [-L/usr/lib/../lib64] ==> dir [/usr/lib/../lib64]
    arg [-L/opt/intel/compilers_and_libraries_2020.1.217/linux/mpi/intel64/lib] ==> dir [/opt/intel/compilers_and_libraries_2020.1.217/linux/mpi/intel64/lib]
    arg [-L/usr/local/intel/lib64/intel-mpi] ==> dir [/usr/local/intel/lib64/intel-mpi]
    arg [-L/opt/intel/compilers_and_libraries_2020.1.217/linux/tbb/lib/intel64/gcc4.8] ==> dir [/opt/intel/compilers_and_libraries_2020.1.217/linux/tbb/lib/intel64/gcc4.8]
    arg [-L/opt/intel/compilers_and_libraries_2020.1.217/linux/compiler/lib/intel64] ==> dir [/opt/intel/compilers_and_libraries_2020.1.217/linux/compiler/lib/intel64]
    arg [-L/opt/intel/compilers_and_libraries_2020.1.217/linux/mkl/lib/intel64] ==> dir [/opt/intel/compilers_and_libraries_2020.1.217/linux/mkl/lib/intel64]
    arg [-L/usr/local/intel/lib64] ==> dir [/usr/local/intel/lib64]
    arg [-L/usr/lib/gcc/x86_64-redhat-linux/8/../../..] ==> dir [/usr/lib/gcc/x86_64-redhat-linux/8/../../..]
    arg [CMakeFiles/cmTC_643ca.dir/CMakeCXXCompilerABI.cpp.o] ==> ignore
    arg [-lstdc++] ==> lib [stdc++]
    arg [-lm] ==> lib [m]
    arg [-lgcc_s] ==> lib [gcc_s]
    arg [-lgcc] ==> lib [gcc]
    arg [-lc] ==> lib [c]
    arg [-lgcc_s] ==> lib [gcc_s]
    arg [-lgcc] ==> lib [gcc]
    arg [/usr/lib/gcc/x86_64-redhat-linux/8/crtend.o] ==> ignore
    arg [/usr/lib/gcc/x86_64-redhat-linux/8/../../../../lib64/crtn.o] ==> ignore
  collapse library dir [/usr/local/intel/lib64/../lib64] ==> [/usr/local/intel/lib64]
  collapse library dir [/usr/lib/gcc/x86_64-redhat-linux/8] ==> [/usr/lib/gcc/x86_64-redhat-linux/8]
  collapse library dir [/usr/lib/gcc/x86_64-redhat-linux/8/../../../../lib64] ==> [/usr/lib64]
  collapse library dir [/lib/../lib64] ==> [/lib64]
  collapse library dir [/usr/lib/../lib64] ==> [/usr/lib64]
  collapse library dir [/opt/intel/compilers_and_libraries_2020.1.217/linux/mpi/intel64/lib] ==> [/opt/intel/compilers_and_libraries_2020.1.217/linux/mpi/intel64/lib]
  collapse library dir [/usr/local/intel/lib64/intel-mpi] ==> [/usr/local/intel/lib64/intel-mpi]
  collapse library dir [/opt/intel/compilers_and_libraries_2020.1.217/linux/tbb/lib/intel64/gcc4.8] ==> [/opt/intel/compilers_and_libraries_2020.1.217/linux/tbb/lib/intel64/gcc4.8]
  collapse library dir [/opt/intel/compilers_and_libraries_2020.1.217/linux/compiler/lib/intel64] ==> [/opt/intel/compilers_and_libraries_2020.1.217/linux/compiler/lib/intel64]
  collapse library dir [/opt/intel/compilers_and_libraries_2020.1.217/linux/mkl/lib/intel64] ==> [/opt/intel/compilers_and_libraries_2020.1.217/linux/mkl/lib/intel64]
  collapse library dir [/usr/local/intel/lib64] ==> [/usr/local/intel/lib64]
  collapse library dir [/usr/lib/gcc/x86_64-redhat-linux/8/../../..] ==> [/usr/lib]
  implicit libs: [stdc++;m;gcc_s;gcc;c;gcc_s;gcc]
  implicit dirs: [/usr/local/intel/lib64;/usr/lib/gcc/x86_64-redhat-linux/8;/usr/lib64;/lib64;/opt/intel/compilers_and_libraries_2020.1.217/linux/mpi/intel64/lib;/usr/local/intel/lib64/intel-mpi;/opt/intel/compilers_and_libraries_2020.1.217/linux/tbb/lib/intel64/gcc4.8;/opt/intel/compilers_and_libraries_2020.1.217/linux/compiler/lib/intel64;/opt/intel/compilers_and_libraries_2020.1.217/linux/mkl/lib/intel64;/usr/lib]
  implicit fwks: []


Performing C++ SOURCE FILE Test HAS_FLTO succeeded with the following output:
Change Dir: /scratch/gpfs/satyend/MC_POLYMER/polymer_lattice/lattice_md/Analytical_Solvation/exec/new/build/CMakeFiles/CMakeTmp

Run Build Command(s):/usr/bin/gmake cmTC_9af99/fast && /usr/bin/gmake  -f CMakeFiles/cmTC_9af99.dir/build.make CMakeFiles/cmTC_9af99.dir/build
gmake[1]: Entering directory '/scratch/gpfs/satyend/MC_POLYMER/polymer_lattice/lattice_md/Analytical_Solvation/exec/new/build/CMakeFiles/CMakeTmp'
Building CXX object CMakeFiles/cmTC_9af99.dir/src.cxx.o
/usr/bin/c++ -DHAS_FLTO  -flto -fno-fat-lto-objects -std=gnu++17 -o CMakeFiles/cmTC_9af99.dir/src.cxx.o -c /scratch/gpfs/satyend/MC_POLYMER/polymer_lattice/lattice_md/Analytical_Solvation/exec/new/build/CMakeFiles/CMakeTmp/src.cxx
Linking CXX executable cmTC_9af99
/usr/local/cmake/3.19.7/bin/cmake -E cmake_link_script CMakeFiles/cmTC_9af99.dir/link.txt --verbose=1
/usr/bin/c++ CMakeFiles/cmTC_9af99.dir/src.cxx.o -o cmTC_9af99  -flto 
gmake[1]: Leaving directory '/scratch/gpfs/satyend/MC_POLYMER/polymer_lattice/lattice_md/Analytical_Solvation/exec/new/build/CMakeFiles/CMakeTmp'


Source file was:
int main() { return 0; }
Detecting CXX OpenMP compiler ABI info compiled with the following output:
Change Dir: /scratch/gpfs/satyend/MC_POLYMER/polymer_lattice/lattice_md/Analytical_Solvation/exec/new/build/CMakeFiles/CMakeTmp

Run Build Command(s):/usr/bin/gmake cmTC_9c6cb/fast && /usr/bin/gmake  -f CMakeFiles/cmTC_9c6cb.dir/build.make CMakeFiles/cmTC_9c6cb.dir/build
gmake[1]: Entering directory '/scratch/gpfs/satyend/MC_POLYMER/polymer_lattice/lattice_md/Analytical_Solvation/exec/new/build/CMakeFiles/CMakeTmp'
Building CXX object CMakeFiles/cmTC_9c6cb.dir/OpenMPTryFlag.cpp.o
/usr/bin/c++   -fopenmp -v -std=gnu++17 -o CMakeFiles/cmTC_9c6cb.dir/OpenMPTryFlag.cpp.o -c /scratch/gpfs/satyend/MC_POLYMER/polymer_lattice/lattice_md/Analytical_Solvation/exec/new/build/CMakeFiles/FindOpenMP/OpenMPTryFlag.cpp
Using built-in specs.
COLLECT_GCC=/usr/bin/c++
OFFLOAD_TARGET_NAMES=nvptx-none
OFFLOAD_TARGET_DEFAULT=1
Target: x86_64-redhat-linux
Configured with: ../configure --enable-bootstrap --enable-languages=c,c++,fortran,lto --prefix=/usr --mandir=/usr/share/man --infodir=/usr/share/info --with-bugurl=http://bugzilla.redhat.com/bugzilla --enable-shared --enable-threads=posix --enable-checking=release --enable-multilib --with-system-zlib --enable-__cxa_atexit --disable-libunwind-exceptions --enable-gnu-unique-object --enable-linker-build-id --with-gcc-major-version-only --with-linker-hash-style=gnu --enable-plugin --enable-initfini-array --with-isl --disable-libmpx --enable-offload-targets=nvptx-none --without-cuda-driver --enable-gnu-indirect-function --enable-cet --with-tune=generic --with-arch_32=x86-64 --build=x86_64-redhat-linux
Thread model: posix
gcc version 8.5.0 20210514 (Red Hat 8.5.0-22) (GCC) 
COLLECT_GCC_OPTIONS='-fopenmp' '-v' '-std=gnu++17' '-o' 'CMakeFiles/cmTC_9c6cb.dir/OpenMPTryFlag.cpp.o' '-c' '-shared-libgcc' '-mtune=generic' '-march=x86-64' '-pthread'
 /usr/libexec/gcc/x86_64-redhat-linux/8/cc1plus -quiet -v -D_GNU_SOURCE -D_REENTRANT /scratch/gpfs/satyend/MC_POLYMER/polymer_lattice/lattice_md/Analytical_Solvation/exec/new/build/CMakeFiles/FindOpenMP/OpenMPTryFlag.cpp -quiet -dumpbase OpenMPTryFlag.cpp -mtune=generic -march=x86-64 -auxbase-strip CMakeFiles/cmTC_9c6cb.dir/OpenMPTryFlag.cpp.o -std=gnu++17 -version -fopenmp -o /tmp/ccr7Ygxf.s
GNU C++17 (GCC) version 8.5.0 20210514 (Red Hat 8.5.0-22) (x86_64-redhat-linux)
	compiled by GNU C version 8.5.0 20210514 (Red Hat 8.5.0-22), GMP version 6.1.2, MPFR version 3.1.6-p2, MPC version 1.1.0, isl version isl-0.16.1-GMP

GGC heuristics: --param ggc-min-expand=100 --param ggc-min-heapsize=131072
ignoring nonexistent directory "/usr/lib/gcc/x86_64-redhat-linux/8/include-fixed"
ignoring nonexistent directory "/usr/lib/gcc/x86_64-redhat-linux/8/../../../../x86_64-redhat-linux/include"
#include "..." search starts here:
#include <...> search starts here:
 /opt/intel/compilers_and_libraries_2020.1.217/linux/mpi/intel64/include
 /opt/intel/compilers_and_libraries_2020.1.217/linux/mkl/include
 /opt/intel/compilers_and_libraries_2020.1.217/linux/tbb/include
 /opt/intel/compilers_and_libraries_2020.1.217/linux/pstl/include
 /usr/local/intel/include
 /usr/lib/gcc/x86_64-redhat-linux/8/../../../../include/c++/8
 /usr/lib/gcc/x86_64-redhat-linux/8/../../../../include/c++/8/x86_64-redhat-linux
 /usr/lib/gcc/x86_64-redhat-linux/8/../../../../include/c++/8/backward
 /usr/lib/gcc/x86_64-redhat-linux/8/include
 /usr/local/include
 /usr/include
End of search list.
GNU C++17 (GCC) version 8.5.0 20210514 (Red Hat 8.5.0-22) (x86_64-redhat-linux)
	compiled by GNU C version 8.5.0 20210514 (Red Hat 8.5.0-22), GMP version 6.1.2, MPFR version 3.1.6-p2, MPC version 1.1.0, isl version isl-0.16.1-GMP

GGC heuristics: --param ggc-min-expand=100 --param ggc-min-heapsize=131072
Compiler executable checksum: 26a99d4d4e375f64ba2cbb5d759621b3
COLLECT_GCC_OPTIONS='-fopenmp' '-v' '-std=gnu++17' '-o' 'CMakeFiles/cmTC_9c6cb.dir/OpenMPTryFlag.cpp.o' '-c' '-shared-libgcc' '-mtune=generic' '-march=x86-64' '-pthread'
 as -v --64 -o CMakeFiles/cmTC_9c6cb.dir/OpenMPTryFlag.cpp.o /tmp/ccr7Ygxf.s
GNU assembler version 2.30 (x86_64-redhat-linux) using BFD version version 2.30-125.el8_10
COMPILER_PATH=/usr/libexec/gcc/x86_64-redhat-linux/8/:/usr/libexec/gcc/x86_64-redhat-linux/8/:/usr/libexec/gcc/x86_64-redhat-linux/:/usr/lib/gcc/x86_64-redhat-linux/8/:/usr/lib/gcc/x86_64-redhat-linux/
LIBRARY_PATH=/usr/local/intel/lib64/../lib64/:/usr/lib/gcc/x86_64-redhat-linux/8/:/usr/lib/gcc/x86_64-redhat-linux/8/../../../../lib64/:/lib/../lib64/:/usr/lib/../lib64/:/opt/intel/compilers_and_libraries_2020.1.217/linux/mpi/intel64/lib/:/usr/local/intel/lib64/intel-mpi/:/opt/intel/compilers_and_libraries_2020.1.217/linux/tbb/lib/intel64/gcc4.8/:/opt/intel/compilers_and_libraries_2020.1.217/linux/compiler/lib/intel64/:/opt/intel/compilers_and_libraries_2020.1.217/linux/mkl/lib/intel64/:/usr/local/intel/lib64/:/usr/lib/gcc/x86_64-redhat-linux/8/../../../:/lib/:/usr/lib/
COLLECT_GCC_OPTIONS='-fopenmp' '-v' '-std=gnu++17' '-o' 'CMakeFiles/cmTC_9c6cb.dir/OpenMPTryFlag.cpp.o' '-c' '-shared-libgcc' '-mtune=generic' '-march=x86-64' '-pthread'
Linking CXX executable cmTC_9c6cb
/usr/local/cmake/3.19.7/bin/cmake -E cmake_link_script CMakeFiles/cmTC_9c6cb.dir/link.txt --verbose=1
/usr/bin/c++  -fopenmp -v CMakeFiles/cmTC_9c6cb.dir/OpenMPTryFlag.cpp.o -o cmTC_9c6cb  -v 
Using built-in specs.
COLLECT_GCC=/usr/bin/c++
COLLECT_LTO_WRAPPER=/usr/libexec/gcc/x86_64-redhat-linux/8/lto-wrapper
OFFLOAD_TARGET_NAMES=nvptx-none
OFFLOAD_TARGET_DEFAULT=1
Target: x86_64-redhat-linux
Configured with: ../configure --enable-bootstrap --enable-languages=c,c++,fortran,lto --prefix=/usr --mandir=/usr/share/man --infodir=/usr/share/info --with-bugurl=http://bugzilla.redhat.com/bugzilla --enable-shared --enable-threads=posix --enable-checking=release --enable-multilib --with-system-zlib --enable-__cxa_atexit --disable-libunwind-exceptions --enable-gnu-unique-object --enable-linker-build-id --with-gcc-major-version-only --with-linker-hash-style=gnu --enable-plugin --enable-initfini-array --with-isl --disable-libmpx --enable-offload-targets=nvptx-none --without-cuda-driver --enable-gnu-indirect-function --enable-cet --with-tune=generic --with-arch_32=x86-64 --build=x86_64-redhat-linux
Thread model: posix
gcc version 8.5.0 20210514 (Red Hat 8.5.0-22) (GCC) 
COMPILER_PATH=/usr/libexec/gcc/x86_64-redhat-linux/8/:/usr/libexec/gcc/x86_64-redhat-linux/8/:/usr/libexec/gcc/x86_64-redhat-linux/:/usr/lib/gcc/x86_64-redhat-linux/8/:/usr/lib/gcc/x86_64-redhat-linux/
LIBRARY_PATH=/usr/local/intel/lib64/../lib64/:/usr/lib/gcc/x86_64-redhat-linux/8/:/usr/lib/gcc/x86_64-redhat-linux/8/../../../../lib64/:/lib/../lib64/:/usr/lib/../lib64/:/opt/intel/compilers_and_libraries_2020.1.217/linux/mpi/intel64/lib/:/usr/local/intel/lib64/intel-mpi/:/opt/intel/compilers_and_libraries_2020.1.217/linux/tbb/lib/intel64/gcc4.8/:/opt/intel/compilers_and_libraries_2020.1.217/linux/compiler/lib/intel64/:/opt/intel/compilers_and_libraries_2020.1.217/linux/mkl/lib/intel64/:/usr/local/intel/lib64/:/usr/lib/gcc/x86_64-redhat-linux/8/../../../:/lib/:/usr/lib/
Reading specs from /usr/lib/gcc/x86_64-redhat-linux/8/libgomp.spec
COLLECT_GCC_OPTIONS='-fopenmp' '-v' '-o' 'cmTC_9c6cb' '-v' '-shared-libgcc' '-mtune=generic' '-march=x86-64' '-pthread'
 /usr/libexec/gcc/x86_64-redhat-linux/8/collect2 -plugin /usr/libexec/gcc/x86_64-redhat-linux/8/liblto_plugin.so -plugin-opt=/usr/libexec/gcc/x86_64-redhat-linux/8/lto-wrapper -plugin-opt=-fresolution=/tmp/ccuY7NnR.res -plugin-opt=-pass-through=-lgcc_s -plugin-opt=-pass-through=-lgcc -plugin-opt=-pass-through=-lpthread -plugin-opt=-pass-through=-lc -plugin-opt=-pass-through=-lgcc_s -plugin-opt=-pass-through=-lgcc --build-id --no-add-needed --eh-frame-hdr --hash-style=gnu -m elf_x86_64 -dynamic-linker /lib64/ld-linux-x86-64.so.2 -o cmTC_9c6cb /usr/lib/gcc/x86_64-redhat-linux/8/../../../../lib64/crt1.o /usr/lib/gcc/x86_64-redhat-linux/8/../../../../lib64/crti.o /usr/lib/gcc/x86_64-redhat-linux/8/crtbegin.o /usr/lib/gcc/x86_64-redhat-linux/8/crtoffloadbegin.o -L/usr/local/intel/lib64/../lib64 -L/usr/lib/gcc/x86_64-redhat-linux/8 -L/usr/lib/gcc/x86_64-redhat-linux/8/../../../../lib64 -L/lib/../lib64 -L/usr/lib/../lib64 -L/opt/intel/compilers_and_libraries_2020.1.217/linux/mpi/intel64/lib -L/usr/local/intel/lib64/intel-mpi -L/opt/intel/compilers_and_libraries_2020.1.217/linux/tbb/lib/intel64/gcc4.8 -L/opt/intel/compilers_and_libraries_2020.1.217/linux/compiler/lib/intel64 -L/opt/intel/compilers_and_libraries_2020.1.217/linux/mkl/lib/intel64 -L/usr/local/intel/lib64 -L/usr/lib/gcc/x86_64-redhat-linux/8/../../.. CMakeFiles/cmTC_9c6cb.dir/OpenMPTryFlag.cpp.o -lstdc++ -lm -lgomp -lgcc_s -lgcc -lpthread -lc -lgcc_s -lgcc /usr/lib/gcc/x86_64-redhat-linux/8/crtend.o /usr/lib/gcc/x86_64-redhat-linux/8/../../../../lib64/crtn.o /usr/lib/gcc/x86_64-redhat-linux/8/crtoffloadend.o
COLLECT_GCC_OPTIONS='-fopenmp' '-v' '-o' 'cmTC_9c6cb' '-v' '-shared-libgcc' '-mtune=generic' '-march=x86-64' '-pthread'
gmake[1]: Leaving directory '/scratch/gpfs/satyend/MC_POLYMER/polymer_lattice/lattice_md/Analytical_Solvation/exec/new/build/CMakeFiles/CMakeTmp'



Parsed CXX OpenMP implicit link information from above output:
  link line regex: [^( *|.*[/\])(ld|CMAKE_LINK_STARTFILE-NOTFOUND|([^/\]+-)?ld|collect2)[^/\]*( |$)]
  ignore line: [Change Dir: /scratch/gpfs/satyend/MC_POLYMER/polymer_lattice/lattice_md/Analytical_Solvation/exec/new/build/CMakeFiles/CMakeTmp]
  ignore line: []
  ignore line: [Run Build Command(s):/usr/bin/gmake cmTC_9c6cb/fast && /usr/bin/gmake  -f CMakeFiles/cmTC_9c6cb.dir/build.make CMakeFiles/cmTC_9c6cb.dir/build]
  ignore line: [gmake[1]: Entering directory '/scratch/gpfs/satyend/MC_POLYMER/polymer_lattice/lattice_md/Analytical_Solvation/exec/new/build/CMakeFiles/CMakeTmp']
  ignore line: [Building CXX object CMakeFiles/cmTC_9c6cb.dir/OpenMPTryFlag.cpp.o]
  ignore line: [/usr/bin/c++   -fopenmp -v -std=gnu++17 -o CMakeFiles/cmTC_9c6cb.dir/OpenMPTryFlag.cpp.o -c /scratch/gpfs/satyend/MC_POLYMER/polymer_lattice/lattice_md/Analytical_Solvation/exec/new/build/CMakeFiles/FindOpenMP/OpenMPTryFlag.cpp]
  ignore line: [Using built-in specs.]
  ignore line: [COLLECT_GCC=/usr/bin/c++]
  ignore line: [OFFLOAD_TARGET_NAMES=nvptx-none]
  ignore line: [OFFLOAD_TARGET_DEFAULT=1]
  ignore line: [Target: x86_64-redhat-linux]
  ignore line: [Configured with: ../configure --enable-bootstrap --enable-languages=c c++ fortran lto --prefix=/usr --mandir=/usr/share/man --infodir=/usr/share/info --with-bugurl=http://bugzilla.redhat.com/bugzilla --enable-shared --enable-threads=posix --enable-checking=release --enable-multilib --with-system-zlib --enable-__cxa_atexit --disable-libunwind-exceptions --enable-gnu-unique-object --enable-linker-build-id --with-gcc-major-version-only --with-linker-hash-style=gnu --enable-plugin --enable-initfini-array --with-isl --disable-libmpx --enable-offload-targets=nvptx-none --without-cuda-driver --enable-gnu-indirect-function --enable-cet --with-tune=generic --with-arch_32=x86-64 --build=x86_64-redhat-linux]
  ignore line: [Thread model: posix]
  ignore line: [gcc version 8.5.0 20210514 (Red Hat 8.5.0-22) (GCC) ]
  ignore line: [COLLECT_GCC_OPTIONS='-fopenmp' '-v' '-std=gnu++17' '-o' 'CMakeFiles/cmTC_9c6cb.dir/OpenMPTryFlag.cpp.o' '-c' '-shared-libgcc' '-mtune=generic' '-march=x86-64' '-pthread']
  ignore line: [ /usr/libexec/gcc/x86_64-redhat-linux/8/cc1plus -quiet -v -D_GNU_SOURCE -D_REENTRANT /scratch/gpfs/satyend/MC_POLYMER/polymer_lattice/lattice_md/Analytical_Solvation/exec/new/build/CMakeFiles/FindOpenMP/OpenMPTryFlag.cpp -quiet -dumpbase OpenMPTryFlag.cpp -mtune=generic -march=x86-64 -auxbase-strip CMakeFiles/cmTC_9c6cb.dir/OpenMPTryFlag.cpp.o -std=gnu++17 -version -fopenmp -o /tmp/ccr7Ygxf.s]
  ignore line: [GNU C++17 (GCC) version 8.5.0 20210514 (Red Hat 8.5.0-22) (x86_64-redhat-linux)]
  ignore line: [	compiled by GNU C version 8.5.0 20210514 (Red Hat 8.5.0-22)  GMP version 6.1.2  MPFR version 3.1.6-p2  MPC version 1.1.0  isl version isl-0.16.1-GMP]
  ignore line: []
  ignore line: [GGC heuristics: --param ggc-min-expand=100 --param ggc-min-heapsize=131072]
  ignore line: [ignoring nonexistent directory "/usr/lib/gcc/x86_64-redhat-linux/8/include-fixed"]
  ignore line: [ignoring nonexistent directory "/usr/lib/gcc/x86_64-redhat-linux/8/../../../../x86_64-redhat-linux/include"]
  ignore line: [#include "..." search starts here:]
  ignore line: [#include <...> search starts here:]
  ignore line: [ /opt/intel/compilers_and_libraries_2020.1.217/linux/mpi/intel64/include]
  ignore line: [ /opt/intel/compilers_and_libraries_2020.1.217/linux/mkl/include]
  ignore line: [ /opt/intel/compilers_and_libraries_2020.1.217/linux/tbb/include]
  ignore line: [ /opt/intel/compilers_and_libraries_2020.1.217/linux/pstl/include]
  ignore line: [ /usr/local/intel/include]
  ignore line: [ /usr/lib/gcc/x86_64-redhat-linux/8/../../../../include/c++/8]
  ignore line: [ /usr/lib/gcc/x86_64-redhat-linux/8/../../../../include/c++/8/x86_64-redhat-linux]
  ignore line: [ /usr/lib/gcc/x86_64-redhat-linux/8/../../../../include/c++/8/backward]
  ignore line: [ /usr/lib/gcc/x86_64-redhat-linux/8/include]
  ignore line: [ /usr/local/include]
  ignore line: [ /usr/include]
  ignore line: [End of search list.]
  ignore line: [GNU C++17 (GCC) version 8.5.0 20210514 (Red Hat 8.5.0-22) (x86_64-redhat-linux)]
  ignore line: [	compiled by GNU C version 8.5.0 20210514 (Red Hat 8.5.0-22)  GMP version 6.1.2  MPFR version 3.1.6-p2  MPC version 1.1.0  isl version isl-0.16.1-GMP]
  ignore line: []
  ignore line: [GGC heuristics: --param ggc-min-expand=100 --param ggc-min-heapsize=131072]
  ignore line: [Compiler executable checksum: 26a99d4d4e375f64ba2cbb5d759621b3]
  ignore line: [COLLECT_GCC_OPTIONS='-fopenmp' '-v' '-std=gnu++17' '-o' 'CMakeFiles/cmTC_9c6cb.dir/OpenMPTryFlag.cpp.o' '-c' '-shared-libgcc' '-mtune=generic' '-march=x86-64' '-pthread']
  ignore line: [ as -v --64 -o CMakeFiles/cmTC_9c6cb.dir/OpenMPTryFlag.cpp.o /tmp/ccr7Ygxf.s]
  ignore line: [GNU assembler version 2.30 (x86_64-redhat-linux) using BFD version version 2.30-125.el8_10]
  ignore line: [COMPILER_PATH=/usr/libexec/gcc/x86_64-redhat-linux/8/:/usr/libexec/gcc/x86_64-redhat-linux/8/:/usr/libexec/gcc/x86_64-redhat-linux/:/usr/lib/gcc/x86_64-redhat-linux/8/:/usr/lib/gcc/x86_64-redhat-linux/]
  ignore line: [LIBRARY_PATH=/usr/local/intel/lib64/../lib64/:/usr/lib/gcc/x86_64-redhat-linux/8/:/usr/lib/gcc/x86_64-redhat-linux/8/../../../../lib64/:/lib/../lib64/:/usr/lib/../lib64/:/opt/intel/compilers_and_libraries_2020.1.217/linux/mpi/intel64/lib/:/usr/local/intel/lib64/intel-mpi/:/opt/intel/compilers_and_libraries_2020.1.217/linux/tbb/lib/intel64/gcc4.8/:/opt/intel/compilers_and_libraries_2020.1.217/linux/compiler/lib/intel64/:/opt/intel/compilers_and_libraries_2020.1.217/linux/mkl/lib/intel64/:/usr/local/intel/lib64/:/usr/lib/gcc/x86_64-redhat-linux/8/../../../:/lib/:/usr/lib/]
  ignore line: [COLLECT_GCC_OPTIONS='-fopenmp' '-v' '-std=gnu++17' '-o' 'CMakeFiles/cmTC_9c6cb.dir/OpenMPTryFlag.cpp.o' '-c' '-shared-libgcc' '-mtune=generic' '-march=x86-64' '-pthread']
  ignore line: [Linking CXX executable cmTC_9c6cb]
  ignore line: [/usr/local/cmake/3.19.7/bin/cmake -E cmake_link_script CMakeFiles/cmTC_9c6cb.dir/link.txt --verbose=1]
  ignore line: [/usr/bin/c++  -fopenmp -v CMakeFiles/cmTC_9c6cb.dir/OpenMPTryFlag.cpp.o -o cmTC_9c6cb  -v ]
  ignore line: [Using built-in specs.]
  ignore line: [COLLECT_GCC=/usr/bin/c++]
  ignore line: [COLLECT_LTO_WRAPPER=/usr/libexec/gcc/x86_64-redhat-linux/8/lto-wrapper]
  ignore line: [OFFLOAD_TARGET_NAMES=nvptx-none]
  ignore line: [OFFLOAD_TARGET_DEFAULT=1]
  ignore line: [Target: x86_64-redhat-linux]
  ignore line: [Configured with: ../configure --enable-bootstrap --enable-languages=c c++ fortran lto --prefix=/usr --mandir=/usr/share/man --infodir=/usr/share/info --with-bugurl=http://bugzilla.redhat.com/bugzilla --enable-shared --enable-threads=posix --enable-checking=release --enable-multilib --with-system-zlib --enable-__cxa_atexit --disable-libunwind-exceptions --enable-gnu-unique-object --enable-linker-build-id --with-gcc-major-version-only --with-linker-hash-style=gnu --enable-plugin --enable-initfini-array --with-isl --disable-libmpx --enable-offload-targets=nvptx-none --without-cuda-driver --enable-gnu-indirect-function --enable-cet --with-tune=generic --with-arch_32=x86-64 --build=x86_64-redhat-linux]
  ignore line: [Thread model: posix]
  ignore line: [gcc version 8.5.0 20210514 (Red Hat 8.5.0-22) (GCC) ]
  ignore line: [COMPILER_PATH=/usr/libexec/gcc/x86_64-redhat-linux/8/:/usr/libexec/gcc/x86_64-redhat-linux/8/:/usr/libexec/gcc/x86_64-redhat-linux/:/usr/lib/gcc/x86_64-redhat-linux/8/:/usr/lib/gcc/x86_64-redhat-linux/]
  ignore line: [LIBRARY_PATH=/usr/local/intel/lib64/../lib64/:/usr/lib/gcc/x86_64-redhat-linux/8/:/usr/lib/gcc/x86_64-redhat-linux/8/../../../../lib64/:/lib/../lib64/:/usr/lib/../lib64/:/opt/intel/compilers_and_libraries_2020.1.217/linux/mpi/intel64/lib/:/usr/local/intel/lib64/intel-mpi/:/opt/intel/compilers_and_libraries_2020.1.217/linux/tbb/lib/intel64/gcc4.8/:/opt/intel/compilers_and_libraries_2020.1.217/linux/compiler/lib/intel64/:/opt/intel/compilers_and_libraries_2020.1.217/linux/mkl/lib/intel64/:/usr/local/intel/lib64/:/usr/lib/gcc/x86_64-redhat-linux/8/../../../:/lib/:/usr/lib/]
  ignore line: [Reading specs from /usr/lib/gcc/x86_64-redhat-linux/8/libgomp.spec]
  ignore line: [COLLECT_GCC_OPTIONS='-fopenmp' '-v' '-o' 'cmTC_9c6cb' '-v' '-shared-libgcc' '-mtune=generic' '-march=x86-64' '-pthread']
  link line: [ /usr/libexec/gcc/x86_64-redhat-linux/8/collect2 -plugin /usr/libexec/gcc/x86_64-redhat-linux/8/liblto_plugin.so -plugin-opt=/usr/libexec/gcc/x86_64-redhat-linux/8/lto-wrapper -plugin-opt=-fresolution=/tmp/ccuY7NnR.res -plugin-opt=-pass-through=-lgcc_s -plugin-opt=-pass-through=-lgcc -plugin-opt=-pass-through=-lpthread -plugin-opt=-pass-through=-lc -plugin-opt=-pass-through=-lgcc_s -plugin-opt=-pass-through=-lgcc --build-id --no-add-needed --eh-frame-hdr --hash-style=gnu -m elf_x86_64 -dynamic-linker /lib64/ld-linux-x86-64.so.2 -o cmTC_9c6cb /usr/lib/gcc/x86_64-redhat-linux/8/../../../../lib64/crt1.o /usr/lib/gcc/x86_64-redhat-linux/8/../../../../lib64/crti.o /usr/lib/gcc/x86_64-redhat-linux/8/crtbegin.o /usr/lib/gcc/x86_64-redhat-linux/8/crtoffloadbegin.o -L/usr/local/intel/lib64/../lib64 -L/usr/lib/gcc/x86_64-redhat-linux/8 -L/usr/lib/gcc/x86_64-redhat-linux/8/../../../../lib64 -L/lib/../lib64 -L/usr/lib/../lib64 -L/opt/intel/compilers_and_libraries_2020.1.217/linux/mpi/intel64/lib -L/usr/local/intel/lib64/intel-mpi -L/opt/intel/compilers_and_libraries_2020.1.217/linux/tbb/lib/intel64/gcc4.8 -L/opt/intel/compilers_and_libraries_2020.1.217/linux/compiler/lib/intel64 -L/opt/intel/compilers_and_libraries_2020.1.217/linux/mkl/lib/intel64 -L/usr/local/intel/lib64 -L/usr/lib/gcc/x86_64-redhat-linux/8/../../.. CMakeFiles/cmTC_9c6cb.dir/OpenMPTryFlag.cpp.o -lstdc++ -lm -lgomp -lgcc_s -lgcc -lpthread -lc -lgcc_s -lgcc /usr/lib/gcc/x86_64-redhat-linux/8/crtend.o /usr/lib/gcc/x86_64-redhat-linux/8/../../../../lib64/crtn.o /usr/lib/gcc/x86_64-redhat-linux/8/crtoffloadend.o]
    arg [/usr/libexec/gcc/x86_64-redhat-linux/8/collect2] ==> ignore
    arg [-plugin] ==> ignore
    arg [/usr/libexec/gcc/x86_64-redhat-linux/8/liblto_plugin.so] ==> ignore
    arg [-plugin-opt=/usr/libexec/gcc/x86_64-redhat-linux/8/lto-wrapper] ==> ignore
    arg [-plugin-opt=-fresolution=/tmp/ccuY7NnR.res] ==> ignore
    arg [-plugin-opt=-pass-through=-lgcc_s] ==> ignore
    arg [-plugin-opt=-pass-through=-lgcc] ==> ignore
    arg [-plugin-opt=-pass-through=-lpthread] ==> ignore
    arg [-plugin-opt=-pass-through=-lc] ==> ignore
    arg [-plugin-opt=-pass-through=-lgcc_s] ==> ignore
    arg [-plugin-opt=-pass-through=-lgcc] ==> ignore
    arg [--build-id] ==> ignore
    arg [--no-add-needed] ==> ignore
    arg [--eh-frame-hdr] ==> ignore
    arg [--hash-style=gnu] ==> ignore
    arg [-m] ==> ignore
    arg [elf_x86_64] ==> ignore
    arg [-dynamic-linker] ==> ignore
    arg [/lib64/ld-linux-x86-64.so.2] ==> ignore
    arg [-o] ==> ignore
    arg [cmTC_9c6cb] ==> ignore
    arg [/usr/lib/gcc/x86_64-redhat-linux/8/../../../../lib64/crt1.o] ==> ignore
    arg [/usr/lib/gcc/x86_64-redhat-linux/8/../../../../lib64/crti.o] ==> ignore
    arg [/usr/lib/gcc/x86_64-redhat-linux/8/crtbegin.o] ==> ignore
    arg [/usr/lib/gcc/x86_64-redhat-linux/8/crtoffloadbegin.o] ==> ignore
    arg [-L/usr/local/intel/lib64/../lib64] ==> dir [/usr/local/intel/lib64/../lib64]
    arg [-L/usr/lib/gcc/x86_64-redhat-linux/8] ==> dir [/usr/lib/gcc/x86_64-redhat-linux/8]
    arg [-L/usr/lib/gcc/x86_64-redhat-linux/8/../../../../lib64] ==> dir [/usr/lib/gcc/x86_64-redhat-linux/8/../../../../lib64]
    arg [-L/lib/../lib64] ==> dir [/lib/../lib64]
    arg [-L/usr/lib/../lib64] ==> dir [/usr/lib/../lib64]
    arg [-L/opt/intel/compilers_and_libraries_2020.1.217/linux/mpi/intel64/lib] ==> dir [/opt/intel/compilers_and_libraries_2020.1.217/linux/mpi/intel64/lib]
    arg [-L/usr/local/intel/lib64/intel-mpi] ==> dir [/usr/local/intel/lib64/intel-mpi]
    arg [-L/opt/intel/compilers_and_libraries_2020.1.217/linux/tbb/lib/intel64/gcc4.8] ==> dir [/opt/intel/compilers_and_libraries_2020.1.217/linux/tbb/lib/intel64/gcc4.8]
    arg [-L/opt/intel/compilers_and_libraries_2020.1.217/linux/compiler/lib/intel64] ==> dir [/opt/intel/compilers_and_libraries_2020.1.217/linux/compiler/lib/intel64]
    arg [-L/opt/intel/compilers_and_libraries_2020.1.217/linux/mkl/lib/intel64] ==> dir [/opt/intel/compilers_and_libraries_2020.1.217/linux/mkl/lib/intel64]
    arg [-L/usr/local/intel/lib64] ==> dir [/usr/local/intel/lib64]
    arg [-L/usr/lib/gcc/x86_64-redhat-linux/8/../../..] ==> dir [/usr/lib/gcc/x86_64-redhat-linux/8/../../..]
    arg [CMakeFiles/cmTC_9c6cb.dir/OpenMPTryFlag.cpp.o] ==> ignore
    arg [-lstdc++] ==> lib [stdc++]
    arg [-lm] ==> lib [m]
    arg [-lgomp] ==> lib [gomp]
    arg [-lgcc_s] ==> lib [gcc_s]
    arg [-lgcc] ==> lib [gcc]
    arg [-lpthread] ==> lib [pthread]
    arg [-lc] ==> lib [c]
    arg [-lgcc_s] ==> lib [gcc_s]
    arg [-lgcc] ==> lib [gcc]
    arg [/usr/lib/gcc/x86_64-redhat-linux/8/crtend.o] ==> ignore
    arg [/usr/lib/gcc/x86_64-redhat-linux/8/../../../../lib64/crtn.o] ==> ignore
    arg [/usr/lib/gcc/x86_64-redhat-linux/8/crtoffloadend.o] ==> ignore
  collapse library dir [/usr/local/intel/lib64/../lib64] ==> [/usr/local/intel/lib64]
  collapse library dir [/usr/lib/gcc/x86_64-redhat-linux/8] ==> [/usr/lib/gcc/x86_64-redhat-linux/8]
  collapse library dir [/usr/lib/gcc/x86_64-redhat-linux/8/../../../../lib64] ==> [/usr/lib64]
  collapse library dir [/lib/../lib64] ==> [/lib64]
  collapse library dir [/usr/lib/../lib64] ==> [/usr/lib64]
  collapse library dir [/opt/intel/compilers_and_libraries_2020.1.217/linux/mpi/intel64/lib] ==> [/opt/intel/compilers_and_libraries_2020.1.217/linux/mpi/intel64/lib]
  collapse library dir [/usr/local/intel/lib64/intel-mpi] ==> [/usr/local/intel/lib64/intel-mpi]
  collapse library dir [/opt/intel/compilers_and_libraries_2020.1.217/linux/tbb/lib/intel64/gcc4.8] ==> [/opt/intel/compilers_and_libraries_2020.1.217/linux/tbb/lib/intel64/gcc4.8]
  collapse library dir [/opt/intel/compilers_and_libraries_2020.1.217/linux/compiler/lib/intel64] ==> [/opt/intel/compilers_and_libraries_2020.1.217/linux/compiler/lib/intel64]
  collapse library dir [/opt/intel/compilers_and_libraries_2020.1.217/linux/mkl/lib/intel64] ==> [/opt/intel/compilers_and_libraries_2020.1.217/linux/mkl/lib/intel64]
  collapse library dir [/usr/local/intel/lib64] ==> [/usr/local/intel/lib64]
  collapse library dir [/usr/lib/gcc/x86_64-redhat-linux/8/../../..] ==> [/usr/lib]
  implicit libs: [stdc++;m;gomp;gcc_s;gcc;pthread;c;gcc_s;gcc]
  implicit dirs: [/usr/local/intel/lib64;/usr/lib/gcc/x86_64-redhat-linux/8;/usr/lib64;/lib64;/opt/intel/compilers_and_libraries_2020.1.217/linux/mpi/intel64/lib;/usr/local/intel/lib64/intel-mpi;/opt/intel/compilers_and_libraries_2020.1.217/linux/tbb/lib/intel64/gcc4.8;/opt/intel/compilers_and_libraries_2020.1.217/linux/compiler/lib/intel64;/opt/intel/compilers_and_libraries_2020.1.217/linux/mkl/lib/intel64;/usr/lib]
  implicit fwks: []


